(node:13856) [MONGOOSE] Warning: Duplicate schema index on {"email":1} found. This is often due to declaring an index using both "index: true" and "schema.index()". Please remove the duplicate index definition.
(Use `node --trace-warnings ...` to show where the warning was created)
(node:13856) [MONGOOSE] Warning: Duplicate schema index on {"referralCode":1} found. This is often due to declaring an index using both "index: true" and "schema.index()". Please remove the duplicate index definition.
(node:13856) [MONGOOSE] Warning: Duplicate schema index on {"certificateNumber":1} found. This is often due to declaring an index using both "index: true" and "schema.index()". Please remove the duplicate index definition.
(node:13856) [MONGOOSE] Warning: Duplicate schema index on {"verificationCode":1} found. This is often due to declaring an index using both "index: true" and "schema.index()". Please remove the duplicate index definition.
(node:13856) [MONGOOSE] Warning: Duplicate schema index on {"timestamp":1} found. This is often due to declaring an index using both "index: true" and "schema.index()". Please remove the duplicate index definition.
⚠️ MongoDB disconnected
⚠️ MongoDB disconnected
⚠️ MongoDB disconnected
⚠️ MongoDB disconnected
⚠️ MongoDB disconnected
⚠️ MongoDB disconnected
⚠️ MongoDB disconnected
⚠️ MongoDB disconnected
⚠️ MongoDB disconnected
⚠️ MongoDB disconnected
⚠️ MongoDB disconnected
⚠️ MongoDB disconnected
⚠️ MongoDB disconnected
⚠️ MongoDB disconnected
⚠️ MongoDB disconnected
⚠️ MongoDB disconnected
⚠️ MongoDB disconnected
⚠️ MongoDB disconnected
⚠️ MongoDB disconnected
