
> nexus-academy-backend-core@2.0.0 start
> node src/server-prod.js

✅ MongoDB Connected: ac-z3o5xrt-shard-00-01.1ljoyfg.mongodb.net
2026-03-16 13:06:30 [[32minfo[39m]: API rodando na porta 5003
[0mGET /api/health [33m401[0m 13.557 ms - 68[0m
[0mGET /api/health [33m401[0m 2.638 ms - 68[0m
2026-03-16 13:12:37 [[31merror[39m]: Unhandled error
Error: CORS origin not allowed
    at origin (file:///C:/Users/User/Desktop/Nexus-Academy/backend-core/src/server-prod.js:89:21)
    at C:\Users\User\Desktop\Nexus-Academy\backend-core\node_modules\cors\lib\index.js:219:13
    at optionsCallback (C:\Users\User\Desktop\Nexus-Academy\backend-core\node_modules\cors\lib\index.js:199:9)
    at corsMiddleware (C:\Users\User\Desktop\Nexus-Academy\backend-core\node_modules\cors\lib\index.js:204:7)
    at Layer.handle [as handle_request] (C:\Users\User\Desktop\Nexus-Academy\backend-core\node_modules\express\lib\router\layer.js:95:5)
    at trim_prefix (C:\Users\User\Desktop\Nexus-Academy\backend-core\node_modules\express\lib\router\index.js:328:13)
    at C:\Users\User\Desktop\Nexus-Academy\backend-core\node_modules\express\lib\router\index.js:286:9
    at router.process_params (C:\Users\User\Desktop\Nexus-Academy\backend-core\node_modules\express\lib\router\index.js:346:12)
    at next (C:\Users\User\Desktop\Nexus-Academy\backend-core\node_modules\express\lib\router\index.js:280:10)
    at expressInit (C:\Users\User\Desktop\Nexus-Academy\backend-core\node_modules\express\lib\middleware\init.js:40:5)
{
  "method": "OPTIONS",
  "url": "/api/auth/register",
  "error": "CORS origin not allowed"
}
[0mPOST /api/auth/register [32m201[0m 1101.728 ms - 454[0m
[0mPOST /api/onboarding/check-slug [32m200[0m 140.728 ms - 63[0m
[0mPOST /api/onboarding/set-slug [32m200[0m 558.680 ms - 166[0m
[0mPOST /api/onboarding/setup-manual-payment [32m200[0m 158.506 ms - 130[0m
[0mPOST /api/onboarding/create-subscription-session [32m200[0m 1930.139 ms - 468[0m
[0mPOST /api/onboarding/complete [32m200[0m 143.972 ms - 430[0m
[0mPOST /api/onboarding/complete [32m200[0m 141.820 ms - 430[0m
[0mGET /api/students [32m200[0m 178.034 ms - 40[0m
[0mGET /api/classes [32m200[0m 269.420 ms - 73[0m
[0mGET /api/students/stats [32m200[0m 309.716 ms - 88[0m
[0mGET /api/students [32m200[0m 224.538 ms - 54[0m
[0mGET /api/payments/stats [32m200[0m 567.742 ms - 127[0m
[0mGET /api/classes [36m304[0m 301.978 ms - -[0m
[0mGET /api/students/stats [36m304[0m 375.179 ms - -[0m
[0mGET /api/payments/stats [36m304[0m 281.560 ms - -[0m
[0mPOST /api/auth/register [32m201[0m 900.754 ms - 454[0m
[0mPOST /api/onboarding/check-slug [32m200[0m 95.045 ms - 63[0m
[0mPOST /api/onboarding/set-slug [32m200[0m 398.430 ms - 166[0m
[0mPOST /api/onboarding/setup-manual-payment [32m200[0m 117.453 ms - 130[0m
[0mPOST /api/onboarding/create-subscription-session [32m200[0m 1486.416 ms - 468[0m
[0mPOST /api/onboarding/complete [32m200[0m 145.494 ms - 430[0m
[0mPOST /api/onboarding/complete [32m200[0m 142.115 ms - 430[0m
[0mGET /api/students [32m200[0m 149.468 ms - 40[0m
[0mGET /api/classes [32m200[0m 149.657 ms - 73[0m
[0mGET /api/students/stats [32m200[0m 222.695 ms - 88[0m
[0mGET /api/students [32m200[0m 77.246 ms - 54[0m
[0mGET /api/payments/stats [32m200[0m 281.981 ms - 127[0m
[0mGET /api/classes [36m304[0m 115.263 ms - -[0m
[0mGET /api/students/stats [36m304[0m 128.624 ms - -[0m
[0mGET /api/students [36m304[0m 64.674 ms - -[0m
[0mGET /api/students [36m304[0m 64.318 ms - -[0m
[0mGET /api/payments/stats [36m304[0m 176.539 ms - -[0m
[0mGET /api/auth/teacher/prof-revisao-1773677841928 [32m200[0m 38.182 ms - 137[0m
[0mGET /api/auth/teacher/prof-revisao-1773677841928 [36m304[0m 37.377 ms - -[0m
[0mPOST /api/portal/auth/register [32m201[0m 871.922 ms - 693[0m
[0mGET /api/student-onboarding/subjects [32m200[0m 6.905 ms - -[0m
[0mGET /api/student-onboarding/subjects [36m304[0m 3.420 ms - -[0m
[0mGET /api/students [32m200[0m 167.947 ms - -[0m
[0mGET /api/students [32m200[0m 79.401 ms - -[0m
[0mGET /api/classes?page=1&limit=200 [32m200[0m 122.400 ms - 73[0m
[0mGET /api/students [36m304[0m 59.210 ms - -[0m
[0mGET /api/classes?page=1&limit=200 [36m304[0m 112.569 ms - -[0m
[0mPOST /api/classes [32m201[0m 199.800 ms - 813[0m
[0mGET /api/students [36m304[0m 67.647 ms - -[0m
[0mGET /api/classes?page=1&limit=200 [32m200[0m 109.097 ms - 861[0m
[0mGET /api/students [36m304[0m 60.389 ms - -[0m
[0mGET /api/classes?page=1&limit=20 [32m200[0m 114.417 ms - 861[0m
[0mGET /api/students [36m304[0m 49.838 ms - -[0m
[0mGET /api/classes?page=1&limit=20 [36m304[0m 113.244 ms - -[0m
[0mPOST /api/classes/69b82d44e7311eaefea6cfb2/start [32m200[0m 219.571 ms - 1023[0m
[0mGET /api/students [36m304[0m 71.280 ms - -[0m
[0mGET /api/classes?page=1&limit=20 [32m200[0m 131.284 ms - -[0m
[0mPOST /api/daily/create-room [32m200[0m 1420.580 ms - 249[0m
[0mPOST /api/daily/create-room [31m500[0m 1919.659 ms - 58[0m
[0mPOST /api/daily/create-token [31m500[0m 544.531 ms - 59[0m
[0mPOST /api/daily/create-room [32m200[0m 306.270 ms - 249[0m
[0mPOST /api/daily/create-token [31m500[0m 293.244 ms - 59[0m
[0mPOST /api/daily/create-token [31m500[0m 309.675 ms - 59[0m
[0mPOST /api/daily/create-token [31m500[0m 308.341 ms - 59[0m
[0mPOST /api/daily/create-token [31m500[0m 283.518 ms - 59[0m
[0mPOST /api/daily/create-token [31m500[0m 297.892 ms - 59[0m
[0mPOST /api/daily/create-token [31m500[0m 313.994 ms - 59[0m
[0mPOST /api/daily/create-token [31m500[0m 377.284 ms - 59[0m
[0mGET /api/students [36m304[0m 63.014 ms - -[0m
[0mGET /api/classes?page=1&limit=20 [36m304[0m 131.299 ms - -[0m
[0mGET /api/students [36m304[0m 74.037 ms - -[0m
[0mGET /api/classes?page=1&limit=20 [36m304[0m 123.090 ms - -[0m
[0mPOST /api/portal/auth/login [32m200[0m 795.554 ms - 729[0m
[0mPOST /api/daily/create-room [32m200[0m 815.168 ms - 249[0m
[0mPOST /api/portal/auth/login [32m200[0m 688.796 ms - 729[0m
[0mPOST /api/portal/auth/login [32m200[0m 708.533 ms - 729[0m
[0mPOST /api/daily/create-room [32m200[0m 813.457 ms - 249[0m
[0mPOST /api/daily/create-token [32m200[0m 229.701 ms - 498[0m
[0mPOST /api/auth/register [32m201[0m 892.928 ms - 454[0m
[0mPOST /api/onboarding/check-slug [32m200[0m 103.920 ms - 63[0m
[0mPOST /api/onboarding/set-slug [32m200[0m 160.857 ms - 166[0m
[0mPOST /api/onboarding/setup-manual-payment [32m200[0m 167.108 ms - 130[0m
[0mPOST /api/onboarding/create-subscription-session [32m200[0m 1663.877 ms - 468[0m
[0mPOST /api/onboarding/complete [32m200[0m 132.940 ms - 430[0m
[0mPOST /api/onboarding/complete [32m200[0m 142.585 ms - 430[0m
[0mGET /api/students [32m200[0m 134.905 ms - 40[0m
[0mGET /api/classes [32m200[0m 133.425 ms - 73[0m
[0mGET /api/students/stats [32m200[0m 190.488 ms - 88[0m
[0mGET /api/students [32m200[0m 81.748 ms - 54[0m
[0mGET /api/payments/stats [32m200[0m 253.281 ms - 127[0m
[0mGET /api/classes [36m304[0m 115.102 ms - -[0m
[0mGET /api/students/stats [36m304[0m 123.433 ms - -[0m
[0mGET /api/payments/stats [36m304[0m 148.888 ms - -[0m
[0mGET /api/students [36m304[0m 63.882 ms - -[0m
[0mGET /api/students [36m304[0m 49.271 ms - -[0m
[0mGET /api/auth/teacher/prof-revisao-1773678132141 [32m200[0m 50.766 ms - 137[0m
[0mGET /api/auth/teacher/prof-revisao-1773678132141 [36m304[0m 38.996 ms - -[0m
[0mPOST /api/portal/auth/register [32m201[0m 914.428 ms - 693[0m
[0mGET /api/student-onboarding/subjects [32m200[0m 3.401 ms - -[0m
[0mGET /api/student-onboarding/subjects [36m304[0m 7.247 ms - -[0m
[0mGET /api/students [32m200[0m 105.256 ms - -[0m
[0mGET /api/students [32m200[0m 69.080 ms - -[0m
[0mGET /api/classes?page=1&limit=200 [32m200[0m 92.433 ms - 73[0m
[0mGET /api/students [36m304[0m 62.261 ms - -[0m
[0mGET /api/classes?page=1&limit=200 [36m304[0m 83.410 ms - -[0m
[0mPOST /api/classes [32m201[0m 148.382 ms - 813[0m
[0mGET /api/students [36m304[0m 88.901 ms - -[0m
[0mGET /api/classes?page=1&limit=200 [32m200[0m 132.180 ms - 861[0m
[0mGET /api/students [36m304[0m 67.009 ms - -[0m
[0mGET /api/classes?page=1&limit=20 [32m200[0m 117.871 ms - 861[0m
[0mGET /api/students [36m304[0m 50.366 ms - -[0m
[0mGET /api/classes?page=1&limit=20 [36m304[0m 104.818 ms - -[0m
[0mPOST /api/classes/69b82e67e7311eaefea6d066/start [32m200[0m 141.176 ms - 1023[0m
[0mGET /api/students [36m304[0m 73.704 ms - -[0m
[0mGET /api/classes?page=1&limit=20 [32m200[0m 118.447 ms - -[0m
[0mPOST /api/daily/create-room [32m200[0m 1172.260 ms - 249[0m
[0mPOST /api/daily/create-token [31m500[0m 306.292 ms - 59[0m
[0mPOST /api/daily/create-room [31m500[0m 1662.437 ms - 58[0m
[0mPOST /api/daily/create-token [31m500[0m 322.427 ms - 59[0m
[0mPOST /api/daily/create-room [32m200[0m 302.357 ms - 249[0m
[0mPOST /api/daily/create-token [31m500[0m 300.125 ms - 59[0m
[0mPOST /api/daily/create-token [31m500[0m 306.692 ms - 59[0m
[0mPOST /api/daily/create-token [31m500[0m 295.948 ms - 59[0m
[0mPOST /api/daily/create-token [31m500[0m 286.015 ms - 59[0m
[0mPOST /api/daily/create-token [31m500[0m 277.327 ms - 59[0m
[0mPOST /api/daily/create-token [31m500[0m 339.899 ms - 59[0m
[0mGET /api/students [36m304[0m 81.840 ms - -[0m
[0mGET /api/classes?page=1&limit=20 [36m304[0m 129.199 ms - -[0m
[0mGET /api/students [36m304[0m 75.600 ms - -[0m
[0mGET /api/classes?page=1&limit=20 [36m304[0m 147.935 ms - -[0m
[0mPOST /api/auth/register [32m201[0m 1153.941 ms - 454[0m
[0mPOST /api/onboarding/check-slug [32m200[0m 60.524 ms - 63[0m
[0mPOST /api/onboarding/set-slug [32m200[0m 129.077 ms - 166[0m
[0mPOST /api/onboarding/setup-manual-payment [32m200[0m 195.050 ms - 130[0m
[0mPOST /api/onboarding/create-subscription-session [32m200[0m 1899.430 ms - 468[0m
[0mPOST /api/onboarding/complete [32m200[0m 127.002 ms - 430[0m
[0mPOST /api/onboarding/complete [32m200[0m 127.559 ms - 430[0m
[0mGET /api/students [32m200[0m 158.440 ms - 40[0m
[0mGET /api/classes [32m200[0m 159.673 ms - 73[0m
[0mGET /api/students/stats [32m200[0m 199.391 ms - 88[0m
[0mGET /api/students [32m200[0m 67.066 ms - 54[0m
[0mGET /api/payments/stats [32m200[0m 256.724 ms - 127[0m
[0mGET /api/classes [36m304[0m 95.323 ms - -[0m
[0mGET /api/students/stats [36m304[0m 140.131 ms - -[0m
[0mGET /api/payments/stats [36m304[0m 171.500 ms - -[0m
[0mGET /api/students [36m304[0m 74.061 ms - -[0m
[0mGET /api/students [36m304[0m 52.683 ms - -[0m
[0mGET /api/auth/teacher/prof-revisao-1773678230770 [32m200[0m 38.294 ms - 137[0m
[0mGET /api/auth/teacher/prof-revisao-1773678230770 [36m304[0m 36.122 ms - -[0m
[0mPOST /api/portal/auth/register [32m201[0m 992.116 ms - 693[0m
[0mGET /api/student-onboarding/subjects [32m200[0m 3.497 ms - -[0m
[0mGET /api/student-onboarding/subjects [36m304[0m 6.145 ms - -[0m
[0mGET /api/students [32m200[0m 100.766 ms - -[0m
[0mGET /api/students [32m200[0m 68.494 ms - -[0m
[0mGET /api/classes?page=1&limit=200 [32m200[0m 88.350 ms - 73[0m
[0mGET /api/students [36m304[0m 65.491 ms - -[0m
[0mGET /api/classes?page=1&limit=200 [36m304[0m 77.608 ms - -[0m
[0mPOST /api/classes [32m201[0m 144.381 ms - 813[0m
[0mGET /api/students [36m304[0m 58.881 ms - -[0m
[0mGET /api/classes?page=1&limit=200 [32m200[0m 101.125 ms - 861[0m
[0mGET /api/students [36m304[0m 53.159 ms - -[0m
[0mGET /api/students [36m304[0m 48.833 ms - -[0m
[0mGET /api/classes?page=1&limit=20 [32m200[0m 116.514 ms - 861[0m
[0mGET /api/classes?page=1&limit=20 [36m304[0m 127.427 ms - -[0m
[0mPOST /api/classes/69b82ecce7311eaefea6d10e/start [32m200[0m 144.047 ms - 1023[0m
[0mGET /api/students [36m304[0m 66.930 ms - -[0m
[0mGET /api/classes?page=1&limit=20 [32m200[0m 119.962 ms - -[0m
[0mPOST /api/daily/create-room [32m200[0m 1253.505 ms - 249[0m
[0mPOST /api/daily/create-token [31m500[0m 331.630 ms - 59[0m
[0mPOST /api/daily/create-room [31m500[0m 1795.377 ms - 58[0m
[0mPOST /api/daily/create-token [31m500[0m 677.891 ms - 59[0m
[0mPOST /api/daily/create-room [32m200[0m 482.777 ms - 249[0m
[0mPOST /api/daily/create-token [31m500[0m 328.354 ms - 59[0m
[0mPOST /api/daily/create-token [31m500[0m 294.771 ms - 59[0m
[0mPOST /api/daily/create-token [31m500[0m 285.500 ms - 59[0m
[0mPOST /api/daily/create-token [31m500[0m 301.075 ms - 59[0m
[0mPOST /api/daily/create-token [31m500[0m 286.116 ms - 59[0m
[0mPOST /api/daily/create-token [31m500[0m 408.927 ms - 59[0m
[0mGET /api/students [36m304[0m 85.450 ms - -[0m
[0mGET /api/classes?page=1&limit=20 [36m304[0m 143.193 ms - -[0m
[0mGET /api/students [36m304[0m 68.964 ms - -[0m
[0mGET /api/classes?page=1&limit=20 [36m304[0m 123.661 ms - -[0m
[0mPOST /api/auth/register [32m201[0m 929.203 ms - 454[0m
[0mPOST /api/onboarding/check-slug [32m200[0m 91.623 ms - 63[0m
[0mPOST /api/onboarding/set-slug [32m200[0m 165.364 ms - 166[0m
[0mPOST /api/onboarding/setup-manual-payment [32m200[0m 151.570 ms - 130[0m
[0mPOST /api/onboarding/create-subscription-session [32m200[0m 1921.298 ms - 468[0m
[0mPOST /api/onboarding/complete [32m200[0m 127.625 ms - 430[0m
[0mPOST /api/onboarding/complete [32m200[0m 124.557 ms - 430[0m
[0mGET /api/students/stats [32m200[0m 406.938 ms - 88[0m
[0mGET /api/students [32m200[0m 396.955 ms - 40[0m
[0mGET /api/classes [32m200[0m 429.977 ms - 73[0m
[0mGET /api/students [32m200[0m 71.245 ms - 54[0m
[0mGET /api/students/stats [36m304[0m 148.293 ms - -[0m
[0mGET /api/payments/stats [32m200[0m 543.063 ms - 127[0m
[0mGET /api/classes [36m304[0m 117.485 ms - -[0m
[0mGET /api/students [36m304[0m 68.158 ms - -[0m
[0mGET /api/students [36m304[0m 148.162 ms - -[0m
[0mGET /api/payments/stats [36m304[0m 630.072 ms - -[0m
[0mGET /api/auth/teacher/prof-revisao-1773678370792 [32m200[0m 21.392 ms - 137[0m
[0mGET /api/auth/teacher/prof-revisao-1773678370792 [36m304[0m 22.312 ms - -[0m
[0mPOST /api/portal/auth/register [32m201[0m 984.855 ms - 693[0m
[0mGET /api/student-onboarding/subjects [32m200[0m 3.844 ms - -[0m
[0mGET /api/student-onboarding/subjects [36m304[0m 7.039 ms - -[0m
[0mGET /api/students [32m200[0m 80.681 ms - -[0m
[0mGET /api/students [32m200[0m 58.521 ms - -[0m
[0mGET /api/classes?page=1&limit=200 [32m200[0m 83.088 ms - 73[0m
[0mGET /api/students [36m304[0m 54.118 ms - -[0m
[0mGET /api/classes?page=1&limit=200 [36m304[0m 84.294 ms - -[0m
[0mPOST /api/classes [32m201[0m 157.474 ms - 813[0m
[0mGET /api/students [36m304[0m 61.250 ms - -[0m
[0mGET /api/classes?page=1&limit=200 [32m200[0m 109.547 ms - 861[0m
[0mGET /api/students [36m304[0m 60.985 ms - -[0m
[0mGET /api/classes?page=1&limit=20 [32m200[0m 108.511 ms - 861[0m
[0mGET /api/students [36m304[0m 50.470 ms - -[0m
[0mGET /api/classes?page=1&limit=20 [36m304[0m 102.424 ms - -[0m
[0mPOST /api/classes/69b82f54e7311eaefea6d1b6/start [32m200[0m 138.374 ms - 1023[0m
[0mGET /api/students [36m304[0m 70.326 ms - -[0m
[0mGET /api/classes?page=1&limit=20 [32m200[0m 127.011 ms - -[0m
[0mPOST /api/daily/create-room [32m200[0m 1294.398 ms - 249[0m
[0mPOST /api/daily/create-token [31m500[0m 314.099 ms - 59[0m
[0mPOST /api/daily/create-room [31m500[0m 1813.595 ms - 58[0m
[0mPOST /api/daily/create-token [31m500[0m 308.308 ms - 59[0m
[0mPOST /api/daily/create-room [32m200[0m 334.912 ms - 249[0m
[0mPOST /api/daily/create-token [31m500[0m 304.373 ms - 59[0m
[0mPOST /api/daily/create-token [31m500[0m 300.387 ms - 59[0m
[0mPOST /api/daily/create-token [31m500[0m 338.982 ms - 59[0m
[0mPOST /api/daily/create-token [31m500[0m 680.640 ms - 59[0m
[0mPOST /api/portal/auth/login [32m200[0m 2270.558 ms - 729[0m
[0mGET /api/student-onboarding/subjects [32m200[0m 4.636 ms - -[0m
[0mGET /api/student-onboarding/subjects [36m304[0m 3.815 ms - -[0m
[0mPOST /api/daily/create-token [31m500[0m 323.325 ms - 59[0m
[0mPOST /api/student-onboarding/select-subject [32m200[0m 67.604 ms - -[0m
[0mPOST /api/daily/create-token [31m500[0m 698.886 ms - 59[0m
[0mPOST /api/portal/auth/login [33m401[0m 24.206 ms - 78[0m
[0mPOST /api/student-onboarding/select-subject [33m401[0m 1.428 ms - 45[0m
[0mPOST /api/student-onboarding/get-questionnaire [32m200[0m 0.805 ms - -[0m
[0mPOST /api/auth/register [32m201[0m 891.964 ms - 454[0m
[0mPOST /api/onboarding/check-slug [32m200[0m 59.365 ms - 63[0m
[0mPOST /api/onboarding/set-slug [32m200[0m 96.125 ms - 166[0m
[0mPOST /api/onboarding/setup-manual-payment [32m200[0m 230.814 ms - 130[0m
[0mPOST /api/onboarding/create-subscription-session [32m200[0m 2058.259 ms - 468[0m
[0mPOST /api/onboarding/complete [32m200[0m 124.429 ms - 430[0m
[0mPOST /api/onboarding/complete [32m200[0m 121.583 ms - 430[0m
[0mGET /api/students [32m200[0m 181.884 ms - 40[0m
[0mGET /api/classes [32m200[0m 185.285 ms - 73[0m
[0mGET /api/students/stats [32m200[0m 239.023 ms - 88[0m
[0mGET /api/students [32m200[0m 73.068 ms - 54[0m
[0mGET /api/payments/stats [32m200[0m 331.244 ms - 127[0m
[0mGET /api/classes [36m304[0m 115.715 ms - -[0m
[0mGET /api/students/stats [36m304[0m 139.306 ms - -[0m
[0mGET /api/payments/stats [36m304[0m 163.347 ms - -[0m
[0mGET /api/students [36m304[0m 60.119 ms - -[0m
[0mGET /api/students [36m304[0m 67.492 ms - -[0m
[0mGET /api/auth/teacher/prof-revisao-1773678590845 [32m200[0m 25.124 ms - 137[0m
[0mGET /api/auth/teacher/prof-revisao-1773678590845 [36m304[0m 24.532 ms - -[0m
[0mPOST /api/portal/auth/register [32m201[0m 968.950 ms - 693[0m
[0mGET /api/student-onboarding/subjects [32m200[0m 3.485 ms - -[0m
[0mGET /api/student-onboarding/subjects [36m304[0m 1.967 ms - -[0m
[0mGET /api/students [32m200[0m 97.934 ms - -[0m
[0mGET /api/students [32m200[0m 68.660 ms - -[0m
[0mGET /api/classes?page=1&limit=200 [32m200[0m 93.603 ms - 73[0m
[0mGET /api/students [36m304[0m 50.836 ms - -[0m
[0mGET /api/classes?page=1&limit=200 [36m304[0m 87.364 ms - -[0m
[0mPOST /api/classes [32m201[0m 160.218 ms - 813[0m
[0mGET /api/students [36m304[0m 57.709 ms - -[0m
[0mGET /api/classes?page=1&limit=200 [32m200[0m 101.053 ms - 861[0m
[0mGET /api/students [36m304[0m 70.047 ms - -[0m
[0mGET /api/students [36m304[0m 55.497 ms - -[0m
[0mGET /api/classes?page=1&limit=20 [32m200[0m 140.384 ms - 861[0m
[0mGET /api/classes?page=1&limit=20 [36m304[0m 100.689 ms - -[0m
[0mPOST /api/classes/69b83035e7311eaefea6d256/start [32m200[0m 148.886 ms - 1023[0m
[0mGET /api/students [36m304[0m 93.033 ms - -[0m
[0mGET /api/classes?page=1&limit=20 [32m200[0m 163.458 ms - -[0m
[0mPOST /api/daily/create-room [32m200[0m 1919.466 ms - 249[0m
[0mPOST /api/daily/create-room [31m500[0m 2127.238 ms - 58[0m
[0mPOST /api/daily/create-token [31m500[0m 317.876 ms - 59[0m
[0mPOST /api/daily/create-room [32m200[0m 371.812 ms - 249[0m
[0mPOST /api/daily/create-token [31m500[0m 323.031 ms - 59[0m
[0mPOST /api/daily/create-token [31m500[0m 372.979 ms - 59[0m
[0mPOST /api/daily/create-token [31m500[0m 327.257 ms - 59[0m
[0mPOST /api/daily/create-token [31m500[0m 314.208 ms - 59[0m
[0mPOST /api/daily/create-token [31m500[0m 588.978 ms - 59[0m
[0mPOST /api/portal/auth/login [32m200[0m 1635.915 ms - 729[0m
[0mGET /api/student-onboarding/subjects [32m200[0m 3.926 ms - -[0m
[0mGET /api/student-onboarding/subjects [36m304[0m 3.366 ms - -[0m
[0mPOST /api/daily/create-token [31m500[0m 319.875 ms - 59[0m
[0mPOST /api/student-onboarding/select-subject [32m200[0m 88.295 ms - -[0m
[0mPOST /api/daily/create-token [31m500[0m 311.428 ms - 59[0m
[0mGET /api/students [36m304[0m 67.587 ms - -[0m
[0mGET /api/classes?page=1&limit=20 [36m304[0m 160.565 ms - -[0m
[0mGET /api/students [36m304[0m 338.642 ms - -[0m
[0mGET /api/classes?page=1&limit=20 [36m304[0m 180.579 ms - -[0m
[0mPOST /api/student-onboarding/submit [32m200[0m 191.740 ms - 133[0m
[0mGET /api/portal/activities [32m200[0m 88.524 ms - 32[0m
[0mGET /api/portal/classes [32m200[0m 119.700 ms - 517[0m
[0mGET /api/portal/activities [36m304[0m 64.392 ms - -[0m
[0mGET /api/portal/me [32m200[0m 199.341 ms - 401[0m
[0mGET /api/portal/classes [36m304[0m 98.476 ms - -[0m
[0mGET /api/portal/me [36m304[0m 145.675 ms - -[0m
[0mPOST /api/auth/register [32m201[0m 882.052 ms - 454[0m
[0mPOST /api/onboarding/check-slug [32m200[0m 63.813 ms - 63[0m
[0mPOST /api/onboarding/set-slug [32m200[0m 162.291 ms - 166[0m
[0mPOST /api/onboarding/setup-manual-payment [32m200[0m 285.016 ms - 130[0m
[0mPOST /api/onboarding/create-subscription-session [32m200[0m 1729.591 ms - 468[0m
[0mPOST /api/onboarding/complete [32m200[0m 115.317 ms - 430[0m
[0mPOST /api/onboarding/complete [32m200[0m 114.645 ms - 430[0m
[0mGET /api/students/stats [32m200[0m 194.454 ms - 88[0m
[0mGET /api/students [32m200[0m 149.914 ms - 40[0m
[0mGET /api/classes [32m200[0m 153.238 ms - 73[0m
[0mGET /api/students [32m200[0m 68.263 ms - 54[0m
[0mGET /api/payments/stats [32m200[0m 272.483 ms - 127[0m
[0mGET /api/classes [36m304[0m 97.930 ms - -[0m
[0mGET /api/students/stats [36m304[0m 140.809 ms - -[0m
[0mGET /api/payments/stats [36m304[0m 154.999 ms - -[0m
[0mGET /api/students [36m304[0m 60.985 ms - -[0m
[0mGET /api/students [36m304[0m 53.655 ms - -[0m
[0mGET /api/auth/teacher/prof-revisao-1773678730195 [32m200[0m 42.459 ms - 137[0m
[0mGET /api/auth/teacher/prof-revisao-1773678730195 [36m304[0m 33.681 ms - -[0m
[0mPOST /api/portal/auth/register [32m201[0m 946.716 ms - 693[0m
[0mGET /api/student-onboarding/subjects [32m200[0m 2.960 ms - -[0m
[0mGET /api/student-onboarding/subjects [36m304[0m 2.265 ms - -[0m
[0mGET /api/students [32m200[0m 99.750 ms - -[0m
[0mGET /api/students [32m200[0m 71.098 ms - -[0m
[0mGET /api/classes?page=1&limit=200 [32m200[0m 122.809 ms - 73[0m
[0mGET /api/students [36m304[0m 59.130 ms - -[0m
[0mGET /api/classes?page=1&limit=200 [36m304[0m 74.591 ms - -[0m
[0mPOST /api/classes [32m201[0m 221.403 ms - 813[0m
[0mGET /api/students [36m304[0m 59.928 ms - -[0m
[0mGET /api/classes?page=1&limit=200 [32m200[0m 100.301 ms - 861[0m
[0mGET /api/students [36m304[0m 54.872 ms - -[0m
[0mGET /api/students [36m304[0m 56.042 ms - -[0m
[0mGET /api/classes?page=1&limit=20 [32m200[0m 123.062 ms - 861[0m
[0mGET /api/classes?page=1&limit=20 [36m304[0m 119.708 ms - -[0m
[0mPOST /api/classes/69b830bfe7311eaefea6d31f/start [32m200[0m 156.482 ms - 1023[0m
[0mGET /api/students [36m304[0m 168.817 ms - -[0m
[0mGET /api/classes?page=1&limit=20 [32m200[0m 232.585 ms - -[0m
[0mPOST /api/daily/create-room [32m200[0m 1228.719 ms - 249[0m
[0mPOST /api/daily/create-token [31m500[0m 328.149 ms - 59[0m
[0mPOST /api/daily/create-room [31m500[0m 1777.175 ms - 58[0m
[0mPOST /api/daily/create-token [31m500[0m 343.792 ms - 59[0m
[0mPOST /api/daily/create-room [32m200[0m 323.116 ms - 249[0m
[0mPOST /api/daily/create-token [31m500[0m 320.595 ms - 59[0m
[0mPOST /api/daily/create-token [31m500[0m 308.751 ms - 59[0m
[0mPOST /api/daily/create-token [31m500[0m 301.421 ms - 59[0m
[0mPOST /api/daily/create-token [31m500[0m 288.711 ms - 59[0m
[0mPOST /api/portal/auth/login [32m200[0m 1609.034 ms - 729[0m
[0mGET /api/student-onboarding/subjects [32m200[0m 3.948 ms - -[0m
[0mGET /api/student-onboarding/subjects [36m304[0m 3.299 ms - -[0m
[0mPOST /api/daily/create-token [31m500[0m 302.777 ms - 59[0m
[0mPOST /api/student-onboarding/select-subject [32m200[0m 156.498 ms - -[0m
[0mPOST /api/daily/create-token [31m500[0m 375.984 ms - 59[0m
[0mGET /api/students [36m304[0m 157.380 ms - -[0m
[0mGET /api/classes?page=1&limit=20 [36m304[0m 253.911 ms - -[0m
[0mGET /api/students [36m304[0m 232.981 ms - -[0m
[0mGET /api/classes?page=1&limit=20 [36m304[0m 149.876 ms - -[0m
[0mPOST /api/student-onboarding/submit [32m200[0m 249.049 ms - 133[0m
[0mGET /api/portal/activities [32m200[0m 102.487 ms - 32[0m
[0mGET /api/portal/classes [32m200[0m 140.714 ms - 517[0m
[0mGET /api/portal/me [32m200[0m 211.321 ms - 401[0m
[0mGET /api/portal/activities [36m304[0m 77.107 ms - -[0m
[0mGET /api/portal/classes [36m304[0m 88.145 ms - -[0m
[0mGET /api/portal/me [36m304[0m 151.584 ms - -[0m
[0mGET /api/portal/activities [36m304[0m 136.712 ms - -[0m
[0mGET /api/portal/classes [36m304[0m 174.603 ms - -[0m
[0mGET /api/portal/activities [36m304[0m 91.651 ms - -[0m
[0mGET /api/portal/me [36m304[0m 401.655 ms - -[0m
[0mGET /api/portal/classes [36m304[0m 286.318 ms - -[0m
[0mGET /api/portal/me [36m304[0m 190.231 ms - -[0m
[0mPOST /api/daily/create-room [32m200[0m 954.077 ms - 249[0m
[0mPOST /api/daily/create-room [32m200[0m 959.641 ms - 249[0m
[0mPOST /api/daily/create-token [32m200[0m 244.054 ms - 447[0m
[0mPOST /api/daily/create-token [32m200[0m 248.922 ms - 447[0m
[0mPOST /api/portal/pronunciation/generate [32m200[0m 90.124 ms - 117[0m
[0mPOST /api/portal/pronunciation/generate [32m200[0m 79.837 ms - 112[0m
[0mGET /api/portal/activities [36m304[0m 137.472 ms - -[0m
[0mGET /api/portal/classes [36m304[0m 210.331 ms - -[0m
[0mGET /api/portal/activities [36m304[0m 132.606 ms - -[0m
[0mGET /api/portal/me [36m304[0m 309.224 ms - -[0m
[0mGET /api/portal/classes [36m304[0m 130.953 ms - -[0m
[0mGET /api/portal/me [36m304[0m 169.968 ms - -[0m
[0mPOST /api/auth/register [32m201[0m 833.157 ms - 454[0m
[0mPOST /api/onboarding/check-slug [32m200[0m 65.080 ms - 63[0m
[0mPOST /api/onboarding/set-slug [32m200[0m 286.534 ms - 166[0m
[0mPOST /api/onboarding/setup-manual-payment [32m200[0m 322.866 ms - 130[0m
[0mPOST /api/onboarding/create-subscription-session [32m200[0m 3132.650 ms - 468[0m
[0mPOST /api/onboarding/complete [32m200[0m 109.437 ms - 430[0m
[0mPOST /api/onboarding/complete [32m200[0m 118.006 ms - 430[0m
[0mGET /api/students/stats [32m200[0m 209.951 ms - 88[0m
[0mGET /api/students [32m200[0m 157.046 ms - 40[0m
[0mGET /api/classes [32m200[0m 174.695 ms - 73[0m
[0mGET /api/students [32m200[0m 72.535 ms - 54[0m
[0mGET /api/payments/stats [32m200[0m 305.063 ms - 127[0m
[0mGET /api/classes [36m304[0m 98.476 ms - -[0m
[0mGET /api/students/stats [36m304[0m 150.847 ms - -[0m
[0mGET /api/payments/stats [36m304[0m 154.361 ms - -[0m
[0mGET /api/students [36m304[0m 55.645 ms - -[0m
[0mGET /api/students [36m304[0m 50.163 ms - -[0m
[0mGET /api/auth/teacher/prof-revisao-1773678864360 [32m200[0m 25.104 ms - 137[0m
[0mGET /api/auth/teacher/prof-revisao-1773678864360 [36m304[0m 33.103 ms - -[0m
[0mPOST /api/portal/auth/register [32m201[0m 1086.144 ms - 693[0m
[0mGET /api/student-onboarding/subjects [32m200[0m 1.915 ms - -[0m
[0mGET /api/student-onboarding/subjects [36m304[0m 2.750 ms - -[0m
[0mGET /api/students [32m200[0m 97.526 ms - -[0m
[0mGET /api/students [32m200[0m 68.379 ms - -[0m
[0mGET /api/classes?page=1&limit=200 [32m200[0m 99.422 ms - 73[0m
[0mGET /api/students [36m304[0m 61.774 ms - -[0m
[0mGET /api/classes?page=1&limit=200 [36m304[0m 91.221 ms - -[0m
[0mPOST /api/classes [32m201[0m 157.384 ms - 813[0m
[0mGET /api/students [36m304[0m 70.271 ms - -[0m
[0mGET /api/classes?page=1&limit=200 [32m200[0m 107.868 ms - 861[0m
[0mGET /api/students [36m304[0m 66.246 ms - -[0m
[0mGET /api/classes?page=1&limit=20 [32m200[0m 112.277 ms - 861[0m
[0mGET /api/students [36m304[0m 58.287 ms - -[0m
[0mGET /api/classes?page=1&limit=20 [36m304[0m 102.260 ms - -[0m
[0mPOST /api/classes/69b83148e7311eaefea6d418/start [32m200[0m 154.707 ms - 1023[0m
[0mGET /api/students [36m304[0m 58.092 ms - -[0m
[0mGET /api/classes?page=1&limit=20 [32m200[0m 136.976 ms - -[0m
[0mPOST /api/daily/create-room [32m200[0m 1251.542 ms - 249[0m
[0mPOST /api/daily/create-token [31m500[0m 332.187 ms - 59[0m
[0mPOST /api/daily/create-room [31m500[0m 1794.972 ms - 58[0m
[0mPOST /api/daily/create-token [31m500[0m 412.433 ms - 59[0m
[0mPOST /api/daily/create-token [31m500[0m 10515.103 ms - 59[0m
[0mPOST /api/portal/auth/login [32m200[0m 11608.139 ms - 729[0m
[0mGET /api/student-onboarding/subjects [32m200[0m 4.307 ms - -[0m
[0mGET /api/student-onboarding/subjects [36m304[0m 18.794 ms - -[0m
[0mPOST /api/student-onboarding/select-subject [32m200[0m 86.263 ms - -[0m
[0mPOST /api/daily/create-token [31m500[0m 920.272 ms - 59[0m
✅ MongoDB reconnected successfully
[0mPOST /api/daily/create-room [32m200[0m 21099.034 ms - 249[0m
[0mPOST /api/daily/create-token [31m500[0m 362.127 ms - 59[0m
[0mPOST /api/daily/create-token [31m500[0m 441.328 ms - 59[0m
[0mGET /api/students [36m304[0m 67.448 ms - -[0m
[0mGET /api/classes?page=1&limit=20 [36m304[0m 153.047 ms - -[0m
[0mGET /api/students [36m304[0m 110.957 ms - -[0m
[0mGET /api/classes?page=1&limit=20 [36m304[0m 123.482 ms - -[0m
✅ MongoDB already connected
[0mPOST /api/student-onboarding/submit [32m200[0m 252.648 ms - 133[0m
[0mPOST /api/daily/create-token [31m500[0m 457.677 ms - 59[0m
[0mGET /api/portal/activities [32m200[0m 134.877 ms - 32[0m
[0mGET /api/portal/classes [32m200[0m 175.528 ms - 517[0m
[0mGET /api/portal/activities [36m304[0m 71.430 ms - -[0m
[0mGET /api/portal/me [32m200[0m 259.942 ms - 401[0m
[0mGET /api/portal/classes [36m304[0m 104.505 ms - -[0m
[0mGET /api/portal/me [36m304[0m 142.654 ms - -[0m
[0mPOST /api/daily/create-room [32m200[0m 258.240 ms - 249[0m
[0mPOST /api/daily/create-token [32m200[0m 269.632 ms - 447[0m
[0mGET /api/portal/activities [36m304[0m 114.986 ms - -[0m
[0mGET /api/portal/classes [36m304[0m 141.027 ms - -[0m
[0mGET /api/portal/activities [36m304[0m 78.740 ms - -[0m
[0mGET /api/portal/me [36m304[0m 213.728 ms - -[0m
[0mGET /api/portal/classes [36m304[0m 109.354 ms - -[0m
[0mGET /api/portal/me [36m304[0m 162.274 ms - -[0m
[0mPOST /api/daily/create-room [32m200[0m 1002.745 ms - 249[0m
[0mPOST /api/daily/create-token [32m200[0m 250.356 ms - 447[0m
[0mPOST /api/portal/pronunciation/generate [32m200[0m 73.912 ms - 111[0m
[0mPOST /api/portal/pronunciation/generate [32m200[0m 81.775 ms - 117[0m
[0mGET /api/portal/activities [36m304[0m 85.102 ms - -[0m
[0mGET /api/portal/classes [36m304[0m 150.068 ms - -[0m
[0mGET /api/portal/activities [36m304[0m 86.502 ms - -[0m
[0mGET /api/portal/me [36m304[0m 218.270 ms - -[0m
[0mGET /api/portal/classes [36m304[0m 74.239 ms - -[0m
[0mGET /api/portal/me [36m304[0m 151.568 ms - -[0m
[0mPOST /api/daily/create-token [31m500[0m 279.652 ms - 59[0m
🎮 Player connected to Hangman: jBqOW1C_idY_Jc3BAAAC | Professor Revisao 1773678864360 (teacher)
🎮 Game created: 69b8316de7311eaefea6d4be - Word: LETTER - Teacher: Professor Revisao 1773678864360
🎮 Player connected to Hangman: Ho3xAnx16Afo0MmBAAAF | Aluno Revisao 1773678864360 (student)
👤 Aluno Revisao 1773678864360 joined game 69b8316de7311eaefea6d4be
[GAME] Game started: 69b8316de7311eaefea6d4be by Professor Revisao 1773678864360
🗑️ Jogo 69b8316de7311eaefea6d4be removido (sem jogadores)
❌ Player disconnected: Ho3xAnx16Afo0MmBAAAF
❌ Player disconnected: jBqOW1C_idY_Jc3BAAAC
[0mPOST /api/auth/register [32m201[0m 1010.471 ms - 454[0m
[0mPOST /api/onboarding/check-slug [32m200[0m 86.568 ms - 63[0m
[0mPOST /api/onboarding/set-slug [32m200[0m 127.881 ms - 166[0m
[0mPOST /api/onboarding/setup-manual-payment [32m200[0m 121.407 ms - 130[0m
[0mPOST /api/onboarding/create-subscription-session [32m200[0m 1367.366 ms - 468[0m
[0mPOST /api/onboarding/complete [32m200[0m 114.617 ms - 430[0m
[0mPOST /api/onboarding/complete [32m200[0m 123.662 ms - 430[0m
[0mGET /api/students [32m200[0m 188.545 ms - 40[0m
[0mGET /api/classes [32m200[0m 171.019 ms - 73[0m
[0mGET /api/students/stats [32m200[0m 241.117 ms - 88[0m
[0mGET /api/students [32m200[0m 76.594 ms - 54[0m
[0mGET /api/payments/stats [32m200[0m 310.168 ms - 127[0m
[0mGET /api/classes [36m304[0m 142.076 ms - -[0m
[0mGET /api/students/stats [36m304[0m 143.478 ms - -[0m
[0mGET /api/students [36m304[0m 65.612 ms - -[0m
[0mGET /api/payments/stats [36m304[0m 168.517 ms - -[0m
[0mGET /api/students [36m304[0m 65.213 ms - -[0m
[0mGET /api/auth/teacher/prof-revisao-1773678990643 [32m200[0m 34.729 ms - 137[0m
[0mGET /api/auth/teacher/prof-revisao-1773678990643 [36m304[0m 32.150 ms - -[0m
[0mPOST /api/portal/auth/register [32m201[0m 940.150 ms - 693[0m
[0mGET /api/student-onboarding/subjects [32m200[0m 6.120 ms - -[0m
[0mGET /api/student-onboarding/subjects [36m304[0m 3.061 ms - -[0m
[0mGET /api/students [32m200[0m 86.112 ms - -[0m
[0mGET /api/students [32m200[0m 63.157 ms - -[0m
[0mGET /api/classes?page=1&limit=200 [32m200[0m 91.779 ms - 73[0m
[0mGET /api/students [36m304[0m 60.510 ms - -[0m
[0mGET /api/classes?page=1&limit=200 [36m304[0m 101.280 ms - -[0m
[0mPOST /api/classes [32m201[0m 182.579 ms - 813[0m
[0mGET /api/students [36m304[0m 81.104 ms - -[0m
[0mGET /api/classes?page=1&limit=200 [32m200[0m 123.949 ms - 861[0m
[0mGET /api/students [36m304[0m 55.301 ms - -[0m
[0mGET /api/students [36m304[0m 50.962 ms - -[0m
[0mGET /api/classes?page=1&limit=20 [32m200[0m 114.863 ms - 861[0m
[0mGET /api/classes?page=1&limit=20 [36m304[0m 103.007 ms - -[0m
[0mPOST /api/classes/69b831c2e7311eaefea6d519/start [32m200[0m 145.844 ms - 1023[0m
[0mGET /api/students [36m304[0m 72.620 ms - -[0m
[0mGET /api/classes?page=1&limit=20 [32m200[0m 150.441 ms - -[0m
[0mPOST /api/daily/create-room [32m200[0m 1443.892 ms - 249[0m
[0mPOST /api/daily/create-token [31m500[0m 328.006 ms - 59[0m
[0mPOST /api/daily/create-room [31m500[0m 1869.716 ms - 58[0m
[0mPOST /api/daily/create-token [31m500[0m 527.236 ms - 59[0m
[0mPOST /api/daily/create-room [32m200[0m 653.992 ms - 249[0m
[0mPOST /api/daily/create-token [31m500[0m 305.434 ms - 59[0m
[0mPOST /api/daily/create-token [31m500[0m 435.166 ms - 59[0m
[0mPOST /api/daily/create-token [31m500[0m 460.091 ms - 59[0m
[0mPOST /api/daily/create-token [31m500[0m 772.973 ms - 59[0m
[0mPOST /api/portal/auth/login [32m200[0m 3349.811 ms - 729[0m
[0mPOST /api/daily/create-token [31m500[0m 539.450 ms - 59[0m
[0mGET /api/student-onboarding/subjects [32m200[0m 11.051 ms - -[0m
[0mGET /api/student-onboarding/subjects [36m304[0m 1.815 ms - -[0m
[0mPOST /api/student-onboarding/select-subject [32m200[0m 95.933 ms - -[0m
[0mPOST /api/daily/create-token [31m500[0m 317.002 ms - 59[0m
[0mGET /api/students [36m304[0m 126.897 ms - -[0m
[0mGET /api/classes?page=1&limit=20 [36m304[0m 157.647 ms - -[0m
[0mGET /api/students [36m304[0m 115.522 ms - -[0m
[0mGET /api/classes?page=1&limit=20 [36m304[0m 561.608 ms - -[0m
[0mPOST /api/student-onboarding/submit [32m200[0m 199.894 ms - 133[0m
[0mGET /api/portal/activities [32m200[0m 88.661 ms - 32[0m
[0mGET /api/portal/classes [32m200[0m 108.116 ms - 517[0m
[0mGET /api/portal/activities [36m304[0m 53.424 ms - -[0m
[0mGET /api/portal/me [32m200[0m 197.308 ms - 401[0m
[0mGET /api/portal/classes [36m304[0m 87.371 ms - -[0m
[0mGET /api/portal/me [36m304[0m 158.808 ms - -[0m
[0mGET /api/portal/activities [36m304[0m 107.278 ms - -[0m
[0mGET /api/portal/classes [36m304[0m 115.953 ms - -[0m
[0mGET /api/portal/activities [36m304[0m 60.002 ms - -[0m
[0mGET /api/portal/me [36m304[0m 209.531 ms - -[0m
[0mGET /api/portal/classes [36m304[0m 93.974 ms - -[0m
[0mGET /api/portal/me [36m304[0m 160.635 ms - -[0m
[0mPOST /api/daily/create-room [32m200[0m 896.471 ms - 249[0m
[0mPOST /api/daily/create-room [32m200[0m 895.515 ms - 249[0m
[0mPOST /api/daily/create-token [32m200[0m 253.143 ms - 447[0m
[0mPOST /api/daily/create-token [32m200[0m 247.121 ms - 447[0m
[0mPOST /api/portal/pronunciation/generate [32m200[0m 74.109 ms - 117[0m
[0mPOST /api/portal/pronunciation/generate [32m200[0m 98.608 ms - 117[0m
[0mGET /api/portal/me [33m429[0m 5.480 ms - 42[0m
[0mGET /api/portal/activities [33m429[0m 2.174 ms - 42[0m
[0mGET /api/portal/activities [33m429[0m 0.761 ms - 42[0m
[0mGET /api/portal/classes [33m429[0m 1.833 ms - 42[0m
[0mGET /api/portal/me [33m429[0m 1.848 ms - 42[0m
[0mGET /api/portal/classes [33m429[0m 1.194 ms - 42[0m
[0mGET /api/portal/me [33m429[0m 0.552 ms - 42[0m
[0mGET /api/portal/activities [33m429[0m 0.629 ms - 42[0m
[0mGET /api/portal/activities [33m429[0m 2.295 ms - 42[0m
[0mGET /api/portal/classes [33m429[0m 2.452 ms - 42[0m
[0mGET /api/portal/me [33m429[0m 0.977 ms - 42[0m
[0mGET /api/portal/classes [33m429[0m 0.838 ms - 42[0m
[0mGET /api/portal/me [33m429[0m 0.924 ms - 42[0m
[0mGET /api/portal/activities [33m429[0m 1.393 ms - 42[0m
[0mGET /api/portal/activities [33m429[0m 1.571 ms - 42[0m
[0mGET /api/portal/classes [33m429[0m 1.611 ms - 42[0m
[0mGET /api/portal/me [33m429[0m 0.864 ms - 42[0m
[0mGET /api/portal/classes [33m429[0m 0.989 ms - 42[0m
🎮 Player connected to Hangman: 4DT-QCCzvrtPEkaVAAAI | Professor Revisao 1773678990643 (teacher)
🎮 Game created: 69b831e1e7311eaefea6d5ab - Word: LETTER - Teacher: Professor Revisao 1773678990643
🎮 Player connected to Hangman: lUhW2zm7sXovxgZuAAAL | Aluno Revisao 1773678990643 (student)
👤 Aluno Revisao 1773678990643 joined game 69b831e1e7311eaefea6d5ab
[GAME] Game started: 69b831e1e7311eaefea6d5ab by Professor Revisao 1773678990643
[GAME] Letter guessed: T - Correct: true - Player: Aluno Revisao 1773678990643
🗑️ Jogo 69b831e1e7311eaefea6d5ab removido (sem jogadores)
❌ Player disconnected: lUhW2zm7sXovxgZuAAAL
❌ Player disconnected: 4DT-QCCzvrtPEkaVAAAI
[0mPOST /api/auth/login [33m429[0m 0.681 ms - 42[0m
✅ MongoDB reconnected successfully
✅ MongoDB already connected
✅ MongoDB reconnected successfully
✅ MongoDB reconnected successfully
✅ MongoDB already connected
✅ MongoDB reconnected successfully
✅ MongoDB reconnected successfully
✅ MongoDB reconnected successfully
✅ MongoDB already connected
