
> nexus-academy-backend-core@2.0.0 start
> node src/server-prod.js

✅ MongoDB Connected: ac-z3o5xrt-shard-00-00.1ljoyfg.mongodb.net
2026-03-16 12:21:23 [[32minfo[39m]: API rodando na porta 5002
[0mGET /api/auth/teacher/test [33m404[0m 116.229 ms - 55[0m
✅ MongoDB reconnected successfully
✅ MongoDB reconnected successfully
✅ MongoDB already connected
2026-03-16 12:43:02 [[31merror[39m]: Unhandled error
Error: CORS origin not allowed
    at origin (file:///C:/Users/User/Desktop/Nexus-Academy/backend-core/src/server-prod.js:89:21)
    at C:\Users\User\Desktop\Nexus-Academy\backend-core\node_modules\cors\lib\index.js:219:13
    at optionsCallback (C:\Users\User\Desktop\Nexus-Academy\backend-core\node_modules\cors\lib\index.js:199:9)
    at corsMiddleware (C:\Users\User\Desktop\Nexus-Academy\backend-core\node_modules\cors\lib\index.js:204:7)
    at Layer.handle [as handle_request] (C:\Users\User\Desktop\Nexus-Academy\backend-core\node_modules\express\lib\router\layer.js:95:5)
    at trim_prefix (C:\Users\User\Desktop\Nexus-Academy\backend-core\node_modules\express\lib\router\index.js:328:13)
    at C:\Users\User\Desktop\Nexus-Academy\backend-core\node_modules\express\lib\router\index.js:286:9
    at router.process_params (C:\Users\User\Desktop\Nexus-Academy\backend-core\node_modules\express\lib\router\index.js:346:12)
    at next (C:\Users\User\Desktop\Nexus-Academy\backend-core\node_modules\express\lib\router\index.js:280:10)
    at expressInit (C:\Users\User\Desktop\Nexus-Academy\backend-core\node_modules\express\lib\middleware\init.js:40:5)
{
  "method": "OPTIONS",
  "url": "/api/auth/register",
  "error": "CORS origin not allowed"
}
2026-03-16 12:44:04 [[31merror[39m]: Unhandled error
Error: CORS origin not allowed
    at origin (file:///C:/Users/User/Desktop/Nexus-Academy/backend-core/src/server-prod.js:89:21)
    at C:\Users\User\Desktop\Nexus-Academy\backend-core\node_modules\cors\lib\index.js:219:13
    at optionsCallback (C:\Users\User\Desktop\Nexus-Academy\backend-core\node_modules\cors\lib\index.js:199:9)
    at corsMiddleware (C:\Users\User\Desktop\Nexus-Academy\backend-core\node_modules\cors\lib\index.js:204:7)
    at Layer.handle [as handle_request] (C:\Users\User\Desktop\Nexus-Academy\backend-core\node_modules\express\lib\router\layer.js:95:5)
    at trim_prefix (C:\Users\User\Desktop\Nexus-Academy\backend-core\node_modules\express\lib\router\index.js:328:13)
    at C:\Users\User\Desktop\Nexus-Academy\backend-core\node_modules\express\lib\router\index.js:286:9
    at router.process_params (C:\Users\User\Desktop\Nexus-Academy\backend-core\node_modules\express\lib\router\index.js:346:12)
    at next (C:\Users\User\Desktop\Nexus-Academy\backend-core\node_modules\express\lib\router\index.js:280:10)
    at expressInit (C:\Users\User\Desktop\Nexus-Academy\backend-core\node_modules\express\lib\middleware\init.js:40:5)
{
  "method": "OPTIONS",
  "url": "/api/auth/register",
  "error": "CORS origin not allowed"
}
[0mPOST /api/auth/register [32m201[0m 1333.615 ms - 454[0m
[0mPOST /api/onboarding/check-slug [32m200[0m 837.930 ms - 63[0m
[0mPOST /api/onboarding/set-slug [32m200[0m 566.883 ms - 166[0m
[0mPOST /api/onboarding/setup-manual-payment [32m200[0m 296.975 ms - 130[0m
[0mPOST /api/onboarding/create-subscription-session [32m200[0m 3056.839 ms - 468[0m
[0mPOST /api/onboarding/complete [32m200[0m 133.123 ms - 430[0m
[0mPOST /api/onboarding/complete [32m200[0m 126.857 ms - 430[0m
[0mGET /api/students [32m200[0m 1681.050 ms - 40[0m
[0mGET /api/classes [32m200[0m 1696.628 ms - 73[0m
[0mGET /api/students/stats [32m200[0m 1908.534 ms - 88[0m
[0mGET /api/payments/stats [32m200[0m 2191.901 ms - 127[0m
[0mGET /api/students [32m200[0m 427.825 ms - 54[0m
[0mGET /api/classes [36m304[0m 587.807 ms - -[0m
[0mGET /api/students/stats [36m304[0m 782.500 ms - -[0m
[0mGET /api/payments/stats [36m304[0m 604.501 ms - -[0m
[0mPOST /api/auth/register [32m201[0m 873.745 ms - 454[0m
[0mPOST /api/onboarding/check-slug [32m200[0m 256.763 ms - 63[0m
[0mPOST /api/onboarding/set-slug [32m200[0m 476.582 ms - 166[0m
[0mPOST /api/onboarding/setup-manual-payment [32m200[0m 473.982 ms - 130[0m
[0mPOST /api/onboarding/create-subscription-session [32m200[0m 1768.489 ms - 468[0m
[0mPOST /api/onboarding/complete [32m200[0m 324.138 ms - 430[0m
[0mPOST /api/onboarding/complete [32m200[0m 446.336 ms - 430[0m
[0mGET /api/payments/stats [0m-[0m - ms - -[0m
[0mGET /api/students/stats [0m-[0m - ms - -[0m
[0mGET /api/students [0m-[0m - ms - -[0m
[0mGET /api/classes [0m-[0m - ms - -[0m
[0mGET /api/payments/stats [0m-[0m - ms - -[0m
[0mGET /api/classes [32m200[0m 311.499 ms - 73[0m
[0mGET /api/students [32m200[0m 334.765 ms - 54[0m
[0mGET /api/students [36m304[0m 98.323 ms - -[0m
[0mGET /api/classes [36m304[0m 135.745 ms - -[0m
[0mGET /api/payments/stats [32m200[0m 586.605 ms - 127[0m
[0mGET /api/students [36m304[0m 91.290 ms - -[0m
[0mGET /api/students [36m304[0m 143.516 ms - -[0m
[0mGET /api/payments/stats [36m304[0m 284.502 ms - -[0m
[0mGET /api/students/stats [32m200[0m 1453.929 ms - 88[0m
[0mGET /api/students/stats [36m304[0m 182.897 ms - -[0m
[0mGET /api/auth/teacher/prof-revisao-1773676051072 [32m200[0m 182.625 ms - 137[0m
[0mGET /api/auth/teacher/prof-revisao-1773676051072 [36m304[0m 33.749 ms - -[0m
[0mPOST /api/portal/auth/register [32m201[0m 1382.062 ms - 693[0m
[0mGET /api/student-onboarding/subjects [32m200[0m 5.170 ms - -[0m
[0mGET /api/student-onboarding/subjects [36m304[0m 7.185 ms - -[0m
[0mGET /api/students [36m304[0m 86.347 ms - -[0m
[0mPOST /api/auth/register [32m201[0m 822.471 ms - 451[0m
[0mPOST /api/onboarding/check-slug [32m200[0m 83.842 ms - 63[0m
[0mPOST /api/onboarding/set-slug [32m200[0m 600.020 ms - 162[0m
[0mPOST /api/onboarding/skip-payment [32m200[0m 663.227 ms - 81[0m
[0mPOST /api/onboarding/create-subscription-session [32m200[0m 1970.417 ms - 468[0m
[0mPOST /api/onboarding/complete [32m200[0m 123.851 ms - 423[0m
[0mPOST /api/onboarding/complete [32m200[0m 155.110 ms - 423[0m
[0mGET /api/students/stats [32m200[0m 232.841 ms - 88[0m
[0mGET /api/students [32m200[0m 243.278 ms - 40[0m
[0mGET /api/classes [32m200[0m 270.599 ms - 73[0m
[0mGET /api/students [0m-[0m - ms - -[0m
[0mGET /api/payments/stats [0m-[0m - ms - -[0m
[0mGET /api/classes [0m-[0m - ms - -[0m
[0mGET /api/students/stats [0m-[0m - ms - -[0m
[0mGET /api/payments/stats [0m-[0m - ms - -[0m
[0mGET /api/students [32m200[0m 70.540 ms - 54[0m
[0mGET /api/classes [32m200[0m 100.724 ms - 73[0m
[0mGET /api/students/stats [32m200[0m 154.751 ms - 88[0m
[0mGET /api/students [36m304[0m 74.854 ms - -[0m
[0mGET /api/payments/stats [32m200[0m 201.334 ms - 127[0m
[0mGET /api/classes [36m304[0m 96.445 ms - -[0m
[0mGET /api/students/stats [36m304[0m 112.514 ms - -[0m
[0mGET /api/payments/stats [36m304[0m 181.156 ms - -[0m
[0mGET /api/students [36m304[0m 51.368 ms - -[0m
[0mGET /api/students [36m304[0m 61.236 ms - -[0m
[0mGET /api/auth/teacher/prof-lista-1773676215247 [32m200[0m 62.188 ms - 133[0m
[0mGET /api/auth/teacher/prof-lista-1773676215247 [36m304[0m 26.685 ms - -[0m
[0mPOST /api/portal/auth/register [32m201[0m 1037.519 ms - 688[0m
[0mGET /api/student-onboarding/subjects [32m200[0m 4.820 ms - -[0m
[0mGET /api/student-onboarding/subjects [36m304[0m 4.926 ms - -[0m
[0mGET /api/students [36m304[0m 82.284 ms - -[0m
✅ MongoDB reconnected successfully
