
> nexus-academy-backend-core@2.0.0 start
> node src/server-prod.js

✅ MongoDB Connected: ac-z3o5xrt-shard-00-02.1ljoyfg.mongodb.net
2026-03-16 13:43:09 [[32minfo[39m]: API rodando na porta 5004
[0mPOST /api/auth/register [32m201[0m 767.778 ms - 454[0m
[0mPOST /api/onboarding/check-slug [32m200[0m 61.693 ms - 63[0m
[0mPOST /api/onboarding/set-slug [32m200[0m 210.865 ms - 166[0m
[0mPOST /api/onboarding/setup-manual-payment [32m200[0m 189.918 ms - 130[0m
[0mPOST /api/onboarding/create-subscription-session [32m200[0m 1658.889 ms - 468[0m
[0mPOST /api/onboarding/complete [32m200[0m 98.506 ms - 430[0m
[0mPOST /api/onboarding/complete [32m200[0m 93.913 ms - 430[0m
[0mGET /api/students [32m200[0m 82.321 ms - 40[0m
[0mGET /api/students/stats [32m200[0m 111.692 ms - 88[0m
[0mGET /api/classes [32m200[0m 99.364 ms - 73[0m
[0mGET /api/students [32m200[0m 38.711 ms - 54[0m
[0mGET /api/payments/stats [32m200[0m 166.957 ms - 127[0m
[0mGET /api/classes [36m304[0m 72.380 ms - -[0m
[0mGET /api/students/stats [36m304[0m 93.442 ms - -[0m
[0mGET /api/payments/stats [36m304[0m 134.936 ms - -[0m
[0mGET /api/students [36m304[0m 47.192 ms - -[0m
[0mGET /api/students [36m304[0m 43.681 ms - -[0m
[0mGET /api/auth/teacher/prof-revisao-1773679426229 [32m200[0m 29.599 ms - 137[0m
[0mGET /api/auth/teacher/prof-revisao-1773679426229 [36m304[0m 25.369 ms - -[0m
[0mPOST /api/portal/auth/register [32m201[0m 485.852 ms - 693[0m
[0mGET /api/student-onboarding/subjects [32m200[0m 5.824 ms - -[0m
[0mGET /api/student-onboarding/subjects [36m304[0m 2.491 ms - -[0m
[0mGET /api/students [32m200[0m 77.408 ms - -[0m
[0mGET /api/students [32m200[0m 59.038 ms - -[0m
[0mGET /api/classes?page=1&limit=200 [32m200[0m 66.191 ms - 73[0m
[0mGET /api/students [36m304[0m 47.841 ms - -[0m
[0mGET /api/classes?page=1&limit=200 [36m304[0m 68.788 ms - -[0m
[0mPOST /api/classes [32m201[0m 222.303 ms - 813[0m
[0mGET /api/students [36m304[0m 48.860 ms - -[0m
[0mGET /api/classes?page=1&limit=200 [32m200[0m 111.678 ms - 861[0m
[0mGET /api/students [36m304[0m 39.652 ms - -[0m
[0mGET /api/students [36m304[0m 44.035 ms - -[0m
[0mGET /api/classes?page=1&limit=20 [32m200[0m 91.423 ms - 861[0m
[0mGET /api/classes?page=1&limit=20 [36m304[0m 85.149 ms - -[0m
[0mPOST /api/classes/69b8336c77920227b15f92bc/start [32m200[0m 116.771 ms - 1023[0m
[0mGET /api/students [36m304[0m 72.811 ms - -[0m
[0mGET /api/classes?page=1&limit=20 [32m200[0m 137.922 ms - -[0m
[0mPOST /api/portal/auth/login [32m200[0m 898.599 ms - 729[0m
[0mGET /api/student-onboarding/subjects [32m200[0m 3.096 ms - -[0m
[0mGET /api/student-onboarding/subjects [36m304[0m 1.701 ms - -[0m
[0mPOST /api/student-onboarding/select-subject [32m200[0m 81.388 ms - -[0m
[0mPOST /api/student-onboarding/submit [32m200[0m 145.875 ms - 133[0m
[0mGET /api/portal/activities [32m200[0m 53.883 ms - 32[0m
[0mGET /api/portal/classes [32m200[0m 73.116 ms - 517[0m
[0mGET /api/portal/activities [36m304[0m 47.202 ms - -[0m
[0mGET /api/portal/me [32m200[0m 137.736 ms - 401[0m
[0mGET /api/portal/classes [36m304[0m 70.010 ms - -[0m
[0mGET /api/portal/me [36m304[0m 104.409 ms - -[0m
[0mPOST /api/auth/register [32m201[0m 666.061 ms - 454[0m
[0mPOST /api/onboarding/check-slug [32m200[0m 52.953 ms - 63[0m
[0mPOST /api/onboarding/set-slug [32m200[0m 75.875 ms - 166[0m
[0mPOST /api/onboarding/setup-manual-payment [32m200[0m 78.031 ms - 130[0m
[0mPOST /api/onboarding/create-subscription-session [32m200[0m 1576.286 ms - 468[0m
[0mPOST /api/onboarding/complete [32m200[0m 93.753 ms - 430[0m
[0mPOST /api/onboarding/complete [32m200[0m 103.242 ms - 430[0m
[0mGET /api/classes [32m200[0m 65.509 ms - 73[0m
[0mGET /api/students/stats [32m200[0m 84.648 ms - 88[0m
[0mGET /api/students [32m200[0m 82.449 ms - 40[0m
[0mGET /api/payments/stats [32m200[0m 130.530 ms - 127[0m
[0mGET /api/students [32m200[0m 48.329 ms - 54[0m
[0mGET /api/classes [36m304[0m 65.671 ms - -[0m
[0mGET /api/students/stats [36m304[0m 81.082 ms - -[0m
[0mGET /api/payments/stats [36m304[0m 126.044 ms - -[0m
[0mGET /api/students [36m304[0m 53.519 ms - -[0m
[0mGET /api/students [36m304[0m 42.707 ms - -[0m
[0mGET /api/auth/teacher/prof-revisao-1773679571108 [32m200[0m 31.691 ms - 137[0m
[0mGET /api/auth/teacher/prof-revisao-1773679571108 [36m304[0m 22.968 ms - -[0m
[0mPOST /api/portal/auth/register [32m201[0m 421.436 ms - 693[0m
[0mGET /api/student-onboarding/subjects [32m200[0m 1.494 ms - -[0m
[0mGET /api/student-onboarding/subjects [36m304[0m 1.470 ms - -[0m
[0mGET /api/students [32m200[0m 67.305 ms - -[0m
[0mGET /api/students [32m200[0m 43.768 ms - -[0m
[0mGET /api/classes?page=1&limit=200 [32m200[0m 69.863 ms - 73[0m
[0mGET /api/students [36m304[0m 42.449 ms - -[0m
[0mGET /api/classes?page=1&limit=200 [36m304[0m 70.192 ms - -[0m
[0mPOST /api/classes [32m201[0m 135.102 ms - 813[0m
[0mGET /api/students [36m304[0m 45.260 ms - -[0m
[0mGET /api/classes?page=1&limit=200 [32m200[0m 87.285 ms - 861[0m
[0mGET /api/students [36m304[0m 40.319 ms - -[0m
[0mGET /api/students [36m304[0m 43.738 ms - -[0m
[0mGET /api/classes?page=1&limit=20 [32m200[0m 86.282 ms - 861[0m
[0mGET /api/classes?page=1&limit=20 [36m304[0m 88.109 ms - -[0m
[0mPOST /api/classes/69b833fa77920227b15f9356/start [32m200[0m 118.803 ms - 1023[0m
[0mGET /api/students [36m304[0m 53.101 ms - -[0m
[0mGET /api/classes?page=1&limit=20 [32m200[0m 95.928 ms - -[0m
[0mPOST /api/portal/auth/login [32m200[0m 888.712 ms - 729[0m
[0mGET /api/student-onboarding/subjects [32m200[0m 1.791 ms - -[0m
[0mGET /api/student-onboarding/subjects [36m304[0m 2.290 ms - -[0m
[0mPOST /api/student-onboarding/select-subject [32m200[0m 56.707 ms - -[0m
[0mPOST /api/student-onboarding/submit [32m200[0m 133.972 ms - 133[0m
[0mGET /api/portal/activities [32m200[0m 50.252 ms - 32[0m
[0mGET /api/portal/classes [32m200[0m 76.132 ms - 517[0m
[0mGET /api/portal/activities [36m304[0m 49.346 ms - -[0m
[0mGET /api/portal/me [32m200[0m 121.300 ms - 401[0m
[0mGET /api/portal/classes [36m304[0m 73.947 ms - -[0m
[0mGET /api/portal/me [36m304[0m 131.398 ms - -[0m
[0mGET /api/portal/activities [36m304[0m 70.049 ms - -[0m
[0mGET /api/portal/classes [36m304[0m 104.620 ms - -[0m
[0mGET /api/portal/me [36m304[0m 135.891 ms - -[0m
[0mGET /api/portal/activities [36m304[0m 58.680 ms - -[0m
[0mGET /api/portal/classes [36m304[0m 74.213 ms - -[0m
[0mGET /api/portal/me [36m304[0m 128.823 ms - -[0m
[0mPOST /api/portal/pronunciation/generate [32m200[0m 50.276 ms - 111[0m
[0mPOST /api/portal/pronunciation/generate [32m200[0m 51.401 ms - 111[0m
[0mGET /api/portal/activities [36m304[0m 55.541 ms - -[0m
[0mGET /api/portal/classes [36m304[0m 86.888 ms - -[0m
[0mGET /api/portal/activities [36m304[0m 63.958 ms - -[0m
[0mGET /api/portal/me [36m304[0m 137.323 ms - -[0m
[0mGET /api/portal/classes [36m304[0m 113.443 ms - -[0m
[0mGET /api/portal/me [36m304[0m 149.085 ms - -[0m
🎮 Player connected to Hangman: OanAHbfBj53DoB_PAAAC | Professor Revisao 1773679571108 (teacher)
🎮 Game created: 69b8340e77920227b15f93c9 - Word: LETTER - Teacher: Professor Revisao 1773679571108
🎮 Player connected to Hangman: lkVLqzz_8x2ayRnoAAAF | Aluno Revisao 1773679571108 (student)
[0mPOST /api/classes/69b833fa77920227b15f9356/end [32m200[0m 129.734 ms - -[0m
[0mGET /api/students [36m304[0m 42.066 ms - -[0m
[0mGET /api/classes?page=1&limit=20 [32m200[0m 86.938 ms - -[0m
[0mGET /api/students [36m304[0m 54.965 ms - -[0m
[0mGET /api/classes?page=1&limit=20 [36m304[0m 123.019 ms - -[0m
👤 Aluno Revisao 1773679571108 joined game 69b8340e77920227b15f93c9
[GAME] Game started: 69b8340e77920227b15f93c9 by Professor Revisao 1773679571108
[GAME] Letter guessed: T - Correct: true - Player: Aluno Revisao 1773679571108
🗑️ Jogo 69b8340e77920227b15f93c9 removido (sem jogadores)
❌ Player disconnected: lkVLqzz_8x2ayRnoAAAF
❌ Player disconnected: OanAHbfBj53DoB_PAAAC
